// Jest Snapshot v1, https://goo.gl/fbAQLP

exports[`Pruebas en entry Component Debe hacer match con el snapshot 1`] = `
<div class="entry-container mb-3 pointer p-2">
  <!-- Titulo -->
  <div class="entry-title d-flex"><span class="text-success fs-5 fw-bold">29</span><span class="mx-1 fs-5">Noviembre</span><span class="mx-2 fw-light">2021, Lunes</span></div>
  <div class="entry-description">Estoy aprendiendo Vuejs con el profesor Fernando Herrera</div>
</div>
`;
